// Jest Snapshot v1, https://goo.gl/fbAQLP

exports[`Header rendering initial state is rendered 1`] = `
<div
  className="header_bar"
>
  <header>
    <a
      aria-current="true"
      className="header_logo active"
      href="/"
      onClick={[Function]}
      style={Object {}}
    >
      Home
    </a>
    <ul
      className="header_nav"
      role="navigation"
    >
      <li>
        <a
          aria-current={false}
          className={undefined}
          href="/about"
          onClick={[Function]}
          style={undefined}
        >
          About
        </a>
      </li>
    </ul>
  </header>
</div>
`;
