// Jest Snapshot v1, https://goo.gl/fbAQLP

exports[`Footer is rendered 1`] = `<footer />`;
