// Jest Snapshot v1, https://goo.gl/fbAQLP

exports[`About page snapshot matches 1`] = `
<div
  className="About"
>
  About
</div>
`;
