// Jest Snapshot v1, https://goo.gl/fbAQLP

exports[`RedditPage rendering initial state should match the snapshot 1`] = `
<div
  className="RedditPage"
>
  <h1>
    Reddit
  </h1>
  <div
    className="RedditList"
  >
    <h2>
      Reddit List
    </h2>
  </div>
</div>
`;
