// Jest Snapshot v1, https://goo.gl/fbAQLP

exports[`PrimaryLayout Page rendering initial state should match the snapshot 1`] = `
<div
  className="PrimaryLayout"
>
  <div
    className="header_bar"
  >
    <header>
      <a
        aria-current="true"
        className="header_logo active"
        href="/"
        onClick={[Function]}
        style={Object {}}
      >
        Home
      </a>
      <ul
        className="header_nav"
        role="navigation"
      >
        <li>
          <a
            aria-current={false}
            className={undefined}
            href="/about"
            onClick={[Function]}
            style={undefined}
          >
            About
          </a>
        </li>
      </ul>
    </header>
  </div>
  <div
    className="app-body"
  >
    <div
      className="RedditPage"
    >
      <h1>
        Reddit
      </h1>
      <div
        className="RedditList"
      >
        <h2>
          Reddit List
        </h2>
      </div>
    </div>
  </div>
  <div
    className="footer"
  >
    <h2>
      <div
        className="footer_content"
      >
        <p>
          site by 
          <a
            href="http://www.callmejoe.net/"
            rel="noopener noreferrer"
            target="_blank"
          >
            joe
          </a>
        </p>
      </div>
    </h2>
  </div>
</div>
`;
