// Jest Snapshot v1, https://goo.gl/fbAQLP

exports[`About Page rendering initial state match the snapshot 1`] = `
<div
  className="About"
>
  About
</div>
`;
